==================================== INPUT ====================================
query AutoTypeNonExhaustive {
  me {
    nameRenderer @nonExhaustive {
      ... on PlainUserNameRenderer { __typename }
    }
  }
}
==================================== OUTPUT ===================================
query AutoTypeNonExhaustive {
  me {
    nameRenderer @nonExhaustive {
      ... on PlainUserNameRenderer { __typename }
    }
  }
}
