==================================== INPUT ====================================
#expected-to-throw
fragment InlineFragmentMissingMember on User {
  nameRenderer {
    ... @exhaustive {
      ... on PlainUserNameRenderer { __typename }
      ... on MarkdownUserNameRenderer { __typename }
    }
  }
}
==================================== ERROR ====================================
✖︎ Inline fragment marked with @exhaustive is missing selection for union members: 'CustomNameRenderer'.

  inline-fragment-missing-member.invalid.graphql:4:5
    3 │   nameRenderer {
    4 │     ... @exhaustive {
      │     ^^^
    5 │       ... on PlainUserNameRenderer { __typename }
