==================================== INPUT ====================================
fragment InlineFragmentAllMembersValid on User {
  nameRenderer {
    ... @exhaustive {
      ... on PlainUserNameRenderer { __typename }
      ... on MarkdownUserNameRenderer { __typename }
      ... on CustomNameRenderer { __typename }
    }
  }
}
==================================== OUTPUT ===================================
fragment InlineFragmentAllMembersValid on User {
  nameRenderer {
    ... @exhaustive {
      ... on PlainUserNameRenderer {
        __typename
      }
      ... on MarkdownUserNameRenderer {
        __typename
      }
      ... on CustomNameRenderer {
        __typename
      }
    }
  }
}
