==================================== INPUT ====================================
#expected-to-throw
fragment MissingMember on User {
  nameRenderer @exhaustive {
    ... on PlainUserNameRenderer { __typename }
    ... on MarkdownUserNameRenderer { __typename }
  }
}
==================================== ERROR ====================================
✖︎ Field 'nameRenderer' marked with @exhaustive is missing selection for union members: 'CustomNameRenderer'.

  missing-member.invalid.graphql:3:3
    2 │ fragment MissingMember on User {
    3 │   nameRenderer @exhaustive {
      │   ^^^^^^^^^^^^
    4 │     ... on PlainUserNameRenderer { __typename }
